[2026-09-19T19:02:22.011] [DEBUG] debug-file - env: nodejsVersion=v24.14.1
[2026-09-19T19:02:22.300] [DEBUG] debug-file - Hvigor init with startParameters:{
  hvigorfileTypeCheck: false,
  parallelExecution: true,
  incrementalExecution: true,
  printStackTrace: false,
  daemon: false,
  analyze: 0,
  logLevel: Level { level: 20000, levelStr: 'INFO', colour: 'green' },
  optimizationStrategy: 'memory',
  hotCompile: undefined,
  hotReloadBuild: undefined,
  customizedParam: undefined
}
[2026-09-19T19:02:24.334] [DEBUG] debug-file - hvigorfile, require result:  { default: { system: [Function: appTasks], plugins: [] } }
[2026-09-19T19:02:24.335] [DEBUG] debug-file - Starting plugin build process
[2026-09-19T19:02:24.467] [DEBUG] debug-file - hvigor build process will be closed with an error.
[2026-09-19T19:02:22.012] [DEBUG] debug-file - env: hvigor-config.json5 content = {
  modelVersion: '5.0.0',
  dependencies: {},
  execution: {},
  logging: {},
  debugging: {},
  nodeOptions: { maxOldSpaceSize: 8192 }
}
[2026-09-19T19:02:24.480] [DEBUG] debug-file - Create  resident worker with id: 0.
[2026-09-19T19:02:22.300] [DEBUG] debug-file - Since current hvigor version 6.26.4 differs from last hvigor version 
      undefined, delete file-cache.json and task-cache.json.
[2026-09-19T19:02:24.334] [DEBUG] debug-file - hvigorfile, binding system plugins [Function: appTasks]
[2026-09-19T19:02:24.335] [DEBUG] debug-file - App plugin prepare start...
[2026-09-19T19:02:24.468] [ERROR] debug-file - [31m00306003 Specification Limit Violation
[31mError Message: Invalid project path. Current path does not match: C:\Users\MerchRev\Documents\棱镜模型\browser\harmony
[31m
* Try the following:
  > Please modify the project path to ensure that it only contains letters, digits, hyphens (-), underscores (_), periods (.), english parentheses (()), spaces, or the @ symbol
[39m

[31m* Try:
> Run with --stacktrace option to get the stack trace.
> Run with --debug option to get more log output.

[2026-09-19T19:02:22.014] [DEBUG] debug-file - env: daemon=false
[2026-09-19T19:02:24.481] [DEBUG] debug-file - Create  resident worker with id: 1.
[2026-09-19T19:02:22.301] [DEBUG] debug-file - Cache service initialization finished in 1 ms 
[2026-09-19T19:02:24.335] [DEBUG] debug-file - App plugin prepare end...
[2026-09-19T19:02:24.469] [DEBUG] debug-file - ERROR: stacktrace = AdaptorError: [31m00306003 Specification Limit Violation
[31mError Message: Invalid project path. Current path does not match: C:\Users\MerchRev\Documents\棱镜模型\browser\harmony
[31m
* Try the following:
  > Please modify the project path to ensure that it only contains letters, digits, hyphens (-), underscores (_), periods (.), english parentheses (()), spaces, or the @ symbol
[39m
    at OhosLogger.printErrorExit (C:\Users\MerchRev\Documents\ohos-tools\command-line-tools\hvigor\hvigor\src\base\log\hvigor-log.js:1:6525)
    at ProjectInspection.projectPathInspection (C:\Users\MerchRev\Documents\ohos-tools\command-line-tools\hvigor\hvigor-ohos-plugin\src\tasks\inspection\project-inspection.js:1:583)
    at ProjectInspection.doInspection (C:\Users\MerchRev\Documents\ohos-tools\command-line-tools\hvigor\hvigor-ohos-plugin\src\tasks\inspection\project-inspection.js:1:348)
    at AppPlugin.doProjectInspection (C:\Users\MerchRev\Documents\ohos-tools\command-line-tools\hvigor\hvigor-ohos-plugin\src\plugin\common\abstract-project-plugin.js:1:1608)
    at StageInitializationStrategy.createAppPlugin (C:\Users\MerchRev\Documents\ohos-tools\command-line-tools\hvigor\hvigor-ohos-plugin\src\plugin\strategy\stage-init-strategy.js:1:991)
    at AppPluginBuilder.createPlugin (C:\Users\MerchRev\Documents\ohos-tools\command-line-tools\hvigor\hvigor-ohos-plugin\src\plugin\builder\app-plugin-builder.js:1:1672)
    at AppPluginBuilder.build (C:\Users\MerchRev\Documents\ohos-tools\command-line-tools\hvigor\hvigor-ohos-plugin\src\plugin\builder\abstract-plugin-builder.js:1:756)
    at PluginFactory.getAppPlugin (C:\Users\MerchRev\Documents\ohos-tools\command-line-tools\hvigor\hvigor-ohos-plugin\src\plugin\factory\plugin-factory.js:1:481)
    at appTasks (C:\Users\MerchRev\Documents\ohos-tools\command-line-tools\hvigor\hvigor-ohos-plugin\index.js:1:652)
    at bindSystemPlugins (C:\Users\MerchRev\Documents\ohos-tools\command-line-tools\hvigor\hvigor\src\base\internal\lifecycle\configuration.js:1:6590)
[2026-09-19T19:02:22.014] [DEBUG] debug-file - no-daemon, use the parent process.execArgv --max-old-space-size=8192,--max-semi-space-size=16,--expose-gc
[2026-09-19T19:02:24.483] [DEBUG] debug-file - Current worker pool is stopped or closed.
[2026-09-19T19:02:22.302] [DEBUG] debug-file - hvigorfile, resolving C:\Users\MerchRev\Documents\棱镜模型\browser\harmony\hvigorfile.ts
[2026-09-19T19:02:24.335] [DEBUG] debug-file - App plugin creating...
[2026-09-19T19:02:24.469] [ERROR] debug-file - AdaptorError: [31m00306003 Specification Limit Violation
[31mError Message: Invalid project path. Current path does not match: C:\Users\MerchRev\Documents\棱镜模型\browser\harmony
[31m
* Try the following:
  > Please modify the project path to ensure that it only contains letters, digits, hyphens (-), underscores (_), periods (.), english parentheses (()), spaces, or the @ symbol
[39m
    at OhosLogger.printErrorExit (C:\Users\MerchRev\Documents\ohos-tools\command-line-tools\hvigor\hvigor\src\base\log\hvigor-log.js:1:6525)
    at ProjectInspection.projectPathInspection (C:\Users\MerchRev\Documents\ohos-tools\command-line-tools\hvigor\hvigor-ohos-plugin\src\tasks\inspection\project-inspection.js:1:583)
    at ProjectInspection.doInspection (C:\Users\MerchRev\Documents\ohos-tools\command-line-tools\hvigor\hvigor-ohos-plugin\src\tasks\inspection\project-inspection.js:1:348)
    at AppPlugin.doProjectInspection (C:\Users\MerchRev\Documents\ohos-tools\command-line-tools\hvigor\hvigor-ohos-plugin\src\plugin\common\abstract-project-plugin.js:1:1608)
    at StageInitializationStrategy.createAppPlugin (C:\Users\MerchRev\Documents\ohos-tools\command-line-tools\hvigor\hvigor-ohos-plugin\src\plugin\strategy\stage-init-strategy.js:1:991)
    at AppPluginBuilder.createPlugin (C:\Users\MerchRev\Documents\ohos-tools\command-line-tools\hvigor\hvigor-ohos-plugin\src\plugin\builder\app-plugin-builder.js:1:1672)
    at AppPluginBuilder.build (C:\Users\MerchRev\Documents\ohos-tools\command-line-tools\hvigor\hvigor-ohos-plugin\src\plugin\builder\abstract-plugin-builder.js:1:756)
    at PluginFactory.getAppPlugin (C:\Users\MerchRev\Documents\ohos-tools\command-line-tools\hvigor\hvigor-ohos-plugin\src\plugin\factory\plugin-factory.js:1:481)
    at appTasks (C:\Users\MerchRev\Documents\ohos-tools\command-line-tools\hvigor\hvigor-ohos-plugin\index.js:1:652)
    at bindSystemPlugins (C:\Users\MerchRev\Documents\ohos-tools\command-line-tools\hvigor\hvigor\src\base\internal\lifecycle\configuration.js:1:6590)
[2026-09-19T19:02:24.483] [DEBUG] debug-file - Clear worker 0.
[2026-09-19T19:02:24.470] [ERROR] debug-file - BUILD FAILED in 2 s 176 ms 
[2026-09-19T19:02:24.483] [DEBUG] debug-file - Clear worker 1.
[2026-09-19T19:02:24.478] [DEBUG] debug-file - Since there is no instance or instance is terminated, create a new worker pool.
[2026-09-19T19:02:24.492] [DEBUG] debug-file - hvigor build process will be closed.
[2026-09-19T19:02:24.478] [DEBUG] debug-file - Worker pool is initialized with config:  {
  minPoolNum: 2,
  maxPoolNum: undefined,
  maxCoreSize: undefined,
  cacheCapacity: undefined,
  cacheTtl: undefined
}
[2026-09-19T19:02:24.494] [DEBUG] debug-file - worker[1] exits with exit code 0.
[2026-09-19T19:02:24.495] [DEBUG] debug-file - worker[0] exits with exit code 0.
[2026-09-19T19:02:24.495] [DEBUG] debug-file - Worker 1 has been cleared.
[2026-09-19T19:02:24.495] [DEBUG] debug-file - Current idle worker size: 0.
[2026-09-19T19:02:24.495] [DEBUG] debug-file - Current busy worker size: 0.
[2026-09-19T19:02:24.495] [DEBUG] debug-file - Worker 0 has been cleared.
[2026-09-19T19:02:24.495] [DEBUG] debug-file - Current idle worker size: 0.
[2026-09-19T19:02:24.495] [DEBUG] debug-file - Current busy worker size: 0.
[2026-09-19T19:02:24.522] [DEBUG] debug-file - Current worker pool is terminated.
[2026-09-19T19:02:24.522] [DEBUG] debug-file - Current worker pool is terminated.
